Requirement already satisfied: pyyaml in c:\python311\lib\site-packages (6.0.2)
Requirement already satisfied: beautifulsoup4 in c:\python311\lib\site-packages (4.12.3)
Requirement already satisfied: soupsieve>1.2 in c:\python311\lib\site-packages (from beautifulsoup4) (2.6)
INFO: Repository Root   :  C:\gitbook-worker
INFO: Github Directory  :  C:\gitbook-worker\.github
INFO: Tools Directory   :  C:\gitbook-worker\gitbook_worker\tools
INFO: Docker Directory  :  C:\gitbook-worker\gitbook_worker\tools\docker
INFO: Logs Directory    :  C:\gitbook-worker\logs
[LOG] C:\gitbook-worker\logs
============================= test session starts =============================
platform win32 -- Python 3.11.3, pytest-9.0.0, pluggy-1.6.0 -- C:\Python311\python.exe
cachedir: .pytest_cache
rootdir: C:\gitbook-worker
configfile: pytest.ini
plugins: anyio-4.4.0, cov-7.0.0
collecting ... 2025-12-04-12:29:53.662 INFO Ô£ô Font-Konfiguration gefunden: gitbook_worker\defaults\fonts.yml
2025-12-04-12:29:53.668 INFO Ô£ô 7 Font-Konfigurationen geladen
pytest : ERROR: not found: C:\gitbook-worker\gitbook_worker\tests\test_emoji_color_regression.py::TestEmojiColorRegression:
:test_quick_emoji_render_diagnostic
In Zeile:1 Zeichen:32
+ ... NG='utf-8'; pytest gitbook_worker/tests/test_emoji_color_regression.p ...
+                 ~~~~~~~~~~~~~~~~~~~~~~~~~~~~~~~~~~~~~~~~~~~~~~~~~~~~~~~~~
    + CategoryInfo          : NotSpecified: (ERROR: not foun...nder_diagnostic:String) [], RemoteException
    + FullyQualifiedErrorId : NativeCommandError
 
(no match in any of [<Class TestEmojiColorRegression>])

collected 0 items

============================ no tests ran in 0.09s ============================
